
> sqltutor@0.0.1 test
> jest src/modules/admin/admin.controller.spec.ts

node.exe : FAIL src
/modules/admin/admi
n.controller.spec.t
s
At C:\nvm4w\nodejs\
npm.ps1:16 char:5
+     & "$basedir/n
ode$exe"  "$basedir
/node_modules/npm/b
in/npm-cli.js" ...
+     ~~~~~~~~~~~~~
~~~~~~~~~~~~~~~~~~~
~~~~~~~~~~~~~~~~~~~
~~~~~~~~~~~~~~
    + CategoryInfo 
             : No  
  tSpecified: (F   
 AIL src/module    
...troller.spe    
c.ts:String) [    
], RemoteExcep    
tion
    + FullyQualifi 
   edErrorId : Na  
  tiveCommandErr   
 or
 
  ÔùÅ Test suite 
failed to run

    Cannot find 
module 'src/common/
enum/user.role.enum
' from 'modules/use
rs/schemas/user.sch
ema.ts'

    Require stack:
      modules/users
/schemas/user.schem
a.ts
      modules/users
/users.service.ts
      modules/admin
/admin.controller.t
s
      modules/admin
/admin.controller.s
pec.ts

    [0m [90m 2 
|[39m 
[36mimport[39m { 
[33mDocument[39m 
} [36mfrom[39m [
32m'mongoose'[39m
[33m;[39m
     [90m 3 
|[39m 
[36mimport[39m 
[33m*[39m 
[36mas[39m 
bcrypt 
[36mfrom[39m [32
m'bcrypt'[39m[33m
;[39m
    [31m[1m>[22m
[39m[90m 4 
|[39m 
[36mimport[39m { 
[33mRole[39m } 
[36mfrom[39m [32
m'src/common/enum/u
ser.role.enum'[39m
[33m;[39m
     [90m   
|[39m [31m[1m^[
22m[39m
     [90m 5 |[39m
     [90m 6 
|[39m 
[36mexport[39m 
type [33mUserDocum
ent[39m 
[33m=[39m 
[33mUser[39m 
[33m&[39m [33mDo
cument[39m[33m;[
39m
     [90m 7 
|[39m[0m

      at Resolver._
throwModNotFoundErr
or (../node_modules
/jest-resolve/build
/resolver.js:427:11
)
      at 
Object.<anonymous> 
(modules/users/sche
mas/user.schema.ts:
4:1)
      at 
Object.<anonymous> 
(modules/users/user
s.service.ts:5:1)
      at 
Object.<anonymous> 
(modules/admin/admi
n.controller.ts:12:
1)
      at 
Object.<anonymous> 
(modules/admin/admi
n.controller.spec.t
s:2:1)

Test Suites: 1 
failed, 1 total
Tests:       0 
total
Snapshots:   0 
total
Time:        3.419 
s
Ran all test 
suites matching /sr
c\\modules\\admin\\
admin.controller.sp
ec.ts/i.
